
> weekly-tracker@13.4.6 build
> next build

Ôû▓ Next.js 16.1.6 (Turbopack)
- Environments: .env.local

  Creating an optimized production build ...
Ô£ô Compiled successfully in 31.3s
  Running TypeScript ...
node.exe : Failed to 
compile.
En línea: 1 Carácter: 1
+ & "C:\Program 
Files\nodejs/node.exe" 
"C:\Program 
Files\nodejs/node_mo ...
+ ~~~~~~~~~~~~~~~~~~~~~~~~
~~~~~~~~~~~~~~~~~~~~~~~~~~
~~~~~~~~~~~~~~~~~~~
    + CategoryInfo        
      : NotSpecified: (F  
  ailed to compile.:Str   
 ing) [], RemoteExcept    
ion
    + FullyQualifiedError 
   Id : NativeCommandErr  
  or
 

./components/TaskManagemen
t.tsx:644:56
Type error: Property 
'replace' does not exist 
on type 'never'.

[0m [90m 642 |[39m     
            [90m// Clean 
actual effort before 
saving[39m
 [90m 643 |[39m         
        [36mconst[39m 
finalActualEffort 
[33m=[39m 
[36mtypeof[39m formData
[33m.[39mactualEffort 
[33m===[39m 
[32m'string'[39m
[31m[1m>[22m[39m[90m 
644 |[39m                
     [33m?[39m parseFloa
t(formData[33m.[39mactua
lEffort[33m.[39mreplace(
[32m','[39m[33m,[39m 
[32m'.'[39m))
 [90m     |[39m         
                          
                     
[31m[1m^[22m[39m
 [90m 645 |[39m         
            [33m:[39m fo
rmData[33m.[39mactualEff
ort[33m;[39m
 [90m 646 |[39m
 [90m 647 |[39m         
        [36mconst[39m 
docRef [33m=[39m 
[36mawait[39m addDoc(col
lection(db[33m,[39m [32
m"tasks"[39m)[33m,[39m 
{[0m
Next.js build worker 
exited with code: 1 and 
signal: null
