components/DailyFollowUp.tsx(1292,13): error TS2322: Type '"editor" | "trash" | "users" | "projects" | "dashboard" | "tasks" | "task-manager" | "user-roles" | "admin-task-master" | "reports" | "support-management" | "user-manual" | "organization-management"' is not assignable to type '"editor" | "trash" | "users" | "projects" | "dashboard" | "tasks" | "task-manager" | "user-roles" | "tenant-management" | "admin-task-master" | "reports" | "support-management" | "user-manual"'.
  Type '"organization-management"' is not assignable to type '"editor" | "trash" | "users" | "projects" | "dashboard" | "tasks" | "task-manager" | "user-roles" | "tenant-management" | "admin-task-master" | "reports" | "support-management" | "user-manual"'.
components/DailyFollowUp.tsx(1293,13): error TS2322: Type 'Dispatch<SetStateAction<"editor" | "trash" | "users" | "projects" | "dashboard" | "tasks" | "task-manager" | "user-roles" | "admin-task-master" | "reports" | "support-management" | "user-manual" | "organization-management">>' is not assignable to type '(mode: "editor" | "trash" | "users" | "projects" | "dashboard" | "tasks" | "task-manager" | "user-roles" | "tenant-management" | "admin-task-master" | "reports" | "support-management" | "user-manual") => void'.
  Types of parameters 'value' and 'mode' are incompatible.
    Type '"editor" | "trash" | "users" | "projects" | "dashboard" | "tasks" | "task-manager" | "user-roles" | "tenant-management" | "admin-task-master" | "reports" | "support-management" | "user-manual"' is not assignable to type 'SetStateAction<"editor" | "trash" | "users" | "projects" | "dashboard" | "tasks" | "task-manager" | "user-roles" | "admin-task-master" | "reports" | "support-management" | "user-manual" | "organization-management">'.
      Type '"tenant-management"' is not assignable to type 'SetStateAction<"editor" | "trash" | "users" | "projects" | "dashboard" | "tasks" | "task-manager" | "user-roles" | "admin-task-master" | "reports" | "support-management" | "user-manual" | "organization-management">'.
components/ProjectManagement.tsx(12,19): error TS2305: Module '"@/types"' has no exported member 'Organization'.
components/ProjectManagement.tsx(429,41): error TS2322: Type '{ ref: RefObject<any>; key: string; projectId: string; projectTenantId: string; projectName: string; searchQuery: string; }' is not assignable to type 'IntrinsicAttributes & ProjectActivityFeedProps & RefAttributes<ProjectActivityFeedHandle>'.
  Property 'projectTenantId' does not exist on type 'IntrinsicAttributes & ProjectActivityFeedProps & RefAttributes<ProjectActivityFeedHandle>'.
components/SupportManagement.tsx(267,132): error TS2339: Property 'organizationId' does not exist on type 'SupportTicket'.
hooks/usePermissions.ts(47,5): error TS2353: Object literal may only specify known properties, and 'organizationId' does not exist in type 'PermissionGroup'.
hooks/useSecureQuery.ts(24,29): error TS2339: Property 'organizationId' does not exist on type 'AuthContextType'.
hooks/useSecureQuery.ts(53,13): error TS2339: Property 'organizationId' does not exist on type 'AuthContextType'.
